[0.024s] Invoking command in '/home/blueberry/Desktop/Project/SIH/build/lunar_slam': /usr/bin/cmake /home/blueberry/Desktop/Project/SIH -DAMENT_CMAKE_SYMLINK_INSTALL=1 -DCMAKE_INSTALL_PREFIX=/home/blueberry/Desktop/Project/SIH/install/lunar_slam
[0.079s] [31mCMake Error at CMakeLists.txt:8 (find_package):
[0.079s]   By not providing "Findament_cmake.cmake" in CMAKE_MODULE_PATH this project
[0.079s]   has asked CMake to find a package configuration file provided by
[0.080s]   "ament_cmake", but CMake did not find one.
[0.080s] 
[0.080s]   Could not find a package configuration file provided by "ament_cmake" with
[0.080s]   any of the following names:
[0.080s] 
[0.086s]     ament_cmakeConfig.cmake
[0.088s]     ament_cmake-config.cmake
[0.088s] 
[0.089s]   Add the installation prefix of "ament_cmake" to CMAKE_PREFIX_PATH or set
[0.089s]   "ament_cmake_DIR" to a directory containing one of the above files.  If
[0.089s]   "ament_cmake" provides a separate development package or SDK, be sure it
[0.089s]   has been installed.
[0.091s] 
[0.093s] [0m
[0.093s] -- Configuring incomplete, errors occurred!
[0.093s] See also "/home/blueberry/Desktop/Project/SIH/build/lunar_slam/CMakeFiles/CMakeOutput.log".
[0.102s] Invoked command in '/home/blueberry/Desktop/Project/SIH/build/lunar_slam' returned '1': /usr/bin/cmake /home/blueberry/Desktop/Project/SIH -DAMENT_CMAKE_SYMLINK_INSTALL=1 -DCMAKE_INSTALL_PREFIX=/home/blueberry/Desktop/Project/SIH/install/lunar_slam
