[0.131s] DEBUG:colcon:Command line arguments: ['/usr/bin/colcon', 'build', '--packages-select', 'lunar_slam', '--symlink-install', '--event-handlers', 'console_direct+']
[0.131s] DEBUG:colcon:Parsed command line arguments: Namespace(log_base=None, log_level=None, verb_name='build', build_base='build', install_base='install', merge_install=False, symlink_install=True, test_result_base=None, continue_on_error=False, executor='parallel', parallel_workers=7, event_handlers=['console_direct+'], ignore_user_meta=False, metas=['./colcon.meta'], base_paths=['.'], packages_ignore=None, packages_ignore_regex=None, paths=None, packages_up_to=None, packages_up_to_regex=None, packages_above=None, packages_above_and_dependencies=None, packages_above_depth=None, packages_select_by_dep=None, packages_skip_by_dep=None, packages_skip_up_to=None, packages_select_build_failed=False, packages_skip_build_finished=False, packages_select_test_failures=False, packages_skip_test_passed=False, packages_select=['lunar_slam'], packages_skip=None, packages_select_regex=None, packages_skip_regex=None, packages_start=None, packages_end=None, allow_overriding=[], cmake_args=None, cmake_target=None, cmake_target_skip_unavailable=False, cmake_clean_cache=False, cmake_clean_first=False, cmake_force_configure=False, ament_cmake_args=None, catkin_cmake_args=None, catkin_skip_building_tests=False, verb_parser=<colcon_defaults.argument_parser.defaults.DefaultArgumentsDecorator object at 0x79544dcf2f20>, verb_extension=<colcon_core.verb.build.BuildVerb object at 0x79544dc2c670>, main=<bound method BuildVerb.main of <colcon_core.verb.build.BuildVerb object at 0x79544dc2c670>>)
[0.280s] Level 1:colcon.colcon_core.package_discovery:discover_packages(colcon_meta) check parameters
[0.280s] Level 1:colcon.colcon_core.package_discovery:discover_packages(recursive) check parameters
[0.280s] Level 1:colcon.colcon_core.package_discovery:discover_packages(ignore) check parameters
[0.280s] Level 1:colcon.colcon_core.package_discovery:discover_packages(path) check parameters
[0.280s] Level 1:colcon.colcon_core.package_discovery:discover_packages(colcon_meta) discover
[0.280s] Level 1:colcon.colcon_core.package_discovery:discover_packages(recursive) discover
[0.280s] INFO:colcon.colcon_core.package_discovery:Crawling recursively for packages in '/home/blueberry/Desktop/Project/SIH'
[0.280s] Level 1:colcon.colcon_core.package_identification:_identify(.) by extensions ['ignore', 'ignore_ament_install']
[0.280s] Level 1:colcon.colcon_core.package_identification:_identify(.) by extension 'ignore'
[0.282s] Level 1:colcon.colcon_core.package_identification:_identify(.) by extension 'ignore_ament_install'
[0.283s] Level 1:colcon.colcon_core.package_identification:_identify(.) by extensions ['colcon_pkg']
[0.283s] Level 1:colcon.colcon_core.package_identification:_identify(.) by extension 'colcon_pkg'
[0.283s] Level 1:colcon.colcon_core.package_identification:_identify(.) by extensions ['colcon_meta']
[0.283s] Level 1:colcon.colcon_core.package_identification:_identify(.) by extension 'colcon_meta'
[0.283s] Level 1:colcon.colcon_core.package_identification:_identify(.) by extensions ['ros']
[0.283s] Level 1:colcon.colcon_core.package_identification:_identify(.) by extension 'ros'
[0.304s] DEBUG:colcon.colcon_core.package_identification:Package '.' with type 'ros.ament_cmake' and name 'lunar_slam'
[0.304s] Level 1:colcon.colcon_core.package_discovery:discover_packages(recursive) using defaults
[0.304s] Level 1:colcon.colcon_core.package_discovery:discover_packages(ignore) discover
[0.304s] Level 1:colcon.colcon_core.package_discovery:discover_packages(ignore) using defaults
[0.304s] Level 1:colcon.colcon_core.package_discovery:discover_packages(path) discover
[0.304s] Level 1:colcon.colcon_core.package_discovery:discover_packages(path) using defaults
[0.339s] Level 1:colcon.colcon_core.package_discovery:discover_packages(prefix_path) check parameters
[0.339s] Level 1:colcon.colcon_core.package_discovery:discover_packages(prefix_path) discover
[0.341s] Level 1:colcon.colcon_core.package_discovery:discover_packages(prefix_path) using defaults
[0.342s] Level 5:colcon.colcon_core.verb:set package 'lunar_slam' build argument 'cmake_args' from command line to 'None'
[0.343s] Level 5:colcon.colcon_core.verb:set package 'lunar_slam' build argument 'cmake_target' from command line to 'None'
[0.343s] Level 5:colcon.colcon_core.verb:set package 'lunar_slam' build argument 'cmake_target_skip_unavailable' from command line to 'False'
[0.343s] Level 5:colcon.colcon_core.verb:set package 'lunar_slam' build argument 'cmake_clean_cache' from command line to 'False'
[0.343s] Level 5:colcon.colcon_core.verb:set package 'lunar_slam' build argument 'cmake_clean_first' from command line to 'False'
[0.343s] Level 5:colcon.colcon_core.verb:set package 'lunar_slam' build argument 'cmake_force_configure' from command line to 'False'
[0.343s] Level 5:colcon.colcon_core.verb:set package 'lunar_slam' build argument 'ament_cmake_args' from command line to 'None'
[0.343s] Level 5:colcon.colcon_core.verb:set package 'lunar_slam' build argument 'catkin_cmake_args' from command line to 'None'
[0.343s] Level 5:colcon.colcon_core.verb:set package 'lunar_slam' build argument 'catkin_skip_building_tests' from command line to 'False'
[0.343s] DEBUG:colcon.colcon_core.verb:Building package 'lunar_slam' with the following arguments: {'ament_cmake_args': None, 'build_base': '/home/blueberry/Desktop/Project/SIH/build/lunar_slam', 'catkin_cmake_args': None, 'catkin_skip_building_tests': False, 'cmake_args': None, 'cmake_clean_cache': False, 'cmake_clean_first': False, 'cmake_force_configure': False, 'cmake_target': None, 'cmake_target_skip_unavailable': False, 'install_base': '/home/blueberry/Desktop/Project/SIH/install/lunar_slam', 'merge_install': False, 'path': '/home/blueberry/Desktop/Project/SIH', 'symlink_install': True, 'test_result_base': None}
[0.343s] INFO:colcon.colcon_core.executor:Executing jobs using 'parallel' executor
[0.346s] DEBUG:colcon.colcon_parallel_executor.executor.parallel:run_until_complete
[0.346s] INFO:colcon.colcon_ros.task.ament_cmake.build:Building ROS package in '/home/blueberry/Desktop/Project/SIH' with build type 'ament_cmake'
[0.346s] INFO:colcon.colcon_cmake.task.cmake.build:Building CMake package in '/home/blueberry/Desktop/Project/SIH'
[0.352s] INFO:colcon.colcon_core.plugin_system:Skipping extension 'colcon_core.shell.bat': Not used on non-Windows systems
[0.353s] INFO:colcon.colcon_core.shell:Skip shell extension 'powershell' for command environment: Not usable outside of PowerShell
[0.353s] DEBUG:colcon.colcon_core.shell:Skip shell extension 'dsv' for command environment
[0.379s] DEBUG:colcon.colcon_core.event_handler.log_command:Invoking command in '/home/blueberry/Desktop/Project/SIH/build/lunar_slam': /usr/bin/cmake /home/blueberry/Desktop/Project/SIH -DAMENT_CMAKE_SYMLINK_INSTALL=1 -DCMAKE_INSTALL_PREFIX=/home/blueberry/Desktop/Project/SIH/install/lunar_slam
[0.949s] DEBUG:colcon.colcon_core.event_handler.log_command:Invoked command in '/home/blueberry/Desktop/Project/SIH/build/lunar_slam' returned '1': /usr/bin/cmake /home/blueberry/Desktop/Project/SIH -DAMENT_CMAKE_SYMLINK_INSTALL=1 -DCMAKE_INSTALL_PREFIX=/home/blueberry/Desktop/Project/SIH/install/lunar_slam
[0.976s] Level 1:colcon.colcon_core.environment:create_environment_scripts_only(lunar_slam)
[0.979s] Level 1:colcon.colcon_core.environment:checking '/home/blueberry/Desktop/Project/SIH/install/lunar_slam' for CMake module files
[0.979s] Level 1:colcon.colcon_core.environment:checking '/home/blueberry/Desktop/Project/SIH/install/lunar_slam' for CMake config files
[0.980s] Level 1:colcon.colcon_core.environment:checking '/home/blueberry/Desktop/Project/SIH/install/lunar_slam/bin'
[0.980s] Level 1:colcon.colcon_core.environment:checking '/home/blueberry/Desktop/Project/SIH/install/lunar_slam/lib/pkgconfig/lunar_slam.pc'
[0.982s] Level 1:colcon.colcon_core.environment:checking '/home/blueberry/Desktop/Project/SIH/install/lunar_slam/lib/python3.10/site-packages'
[0.983s] Level 1:colcon.colcon_core.environment:checking '/home/blueberry/Desktop/Project/SIH/install/lunar_slam/bin'
[0.983s] INFO:colcon.colcon_core.shell:Creating package script '/home/blueberry/Desktop/Project/SIH/install/lunar_slam/share/lunar_slam/package.ps1'
[0.985s] INFO:colcon.colcon_core.shell:Creating package descriptor '/home/blueberry/Desktop/Project/SIH/install/lunar_slam/share/lunar_slam/package.dsv'
[0.986s] INFO:colcon.colcon_core.shell:Creating package script '/home/blueberry/Desktop/Project/SIH/install/lunar_slam/share/lunar_slam/package.sh'
[0.988s] INFO:colcon.colcon_core.shell:Creating package script '/home/blueberry/Desktop/Project/SIH/install/lunar_slam/share/lunar_slam/package.bash'
[0.989s] INFO:colcon.colcon_core.shell:Creating package script '/home/blueberry/Desktop/Project/SIH/install/lunar_slam/share/lunar_slam/package.zsh'
[0.990s] Level 1:colcon.colcon_core.environment:create_file_with_runtime_dependencies(/home/blueberry/Desktop/Project/SIH/install/lunar_slam/share/colcon-core/packages/lunar_slam)
[1.009s] DEBUG:colcon.colcon_parallel_executor.executor.parallel:closing loop
[1.010s] DEBUG:colcon.colcon_parallel_executor.executor.parallel:loop closed
[1.010s] DEBUG:colcon.colcon_parallel_executor.executor.parallel:run_until_complete finished with '1'
[1.010s] DEBUG:colcon.colcon_core.event_reactor:joining thread
[1.019s] INFO:colcon.colcon_core.plugin_system:Skipping extension 'colcon_notification.desktop_notification.terminal_notifier': Not used on non-Darwin systems
[1.019s] INFO:colcon.colcon_core.plugin_system:Skipping extension 'colcon_notification.desktop_notification.win32': Not used on non-Windows systems
[1.020s] INFO:colcon.colcon_notification.desktop_notification:Sending desktop notification using 'notify2'
[1.043s] DEBUG:colcon.colcon_core.event_reactor:joined thread
[1.044s] INFO:colcon.colcon_core.shell:Creating prefix script '/home/blueberry/Desktop/Project/SIH/install/local_setup.ps1'
[1.046s] INFO:colcon.colcon_core.shell:Creating prefix util module '/home/blueberry/Desktop/Project/SIH/install/_local_setup_util_ps1.py'
[1.047s] INFO:colcon.colcon_core.shell:Creating prefix chain script '/home/blueberry/Desktop/Project/SIH/install/setup.ps1'
[1.049s] INFO:colcon.colcon_core.shell:Creating prefix script '/home/blueberry/Desktop/Project/SIH/install/local_setup.sh'
[1.050s] INFO:colcon.colcon_core.shell:Creating prefix util module '/home/blueberry/Desktop/Project/SIH/install/_local_setup_util_sh.py'
[1.050s] INFO:colcon.colcon_core.shell:Creating prefix chain script '/home/blueberry/Desktop/Project/SIH/install/setup.sh'
[1.052s] INFO:colcon.colcon_core.shell:Creating prefix script '/home/blueberry/Desktop/Project/SIH/install/local_setup.bash'
[1.052s] INFO:colcon.colcon_core.shell:Creating prefix chain script '/home/blueberry/Desktop/Project/SIH/install/setup.bash'
[1.053s] INFO:colcon.colcon_core.shell:Creating prefix script '/home/blueberry/Desktop/Project/SIH/install/local_setup.zsh'
[1.054s] INFO:colcon.colcon_core.shell:Creating prefix chain script '/home/blueberry/Desktop/Project/SIH/install/setup.zsh'
