[0.044s] Invoking command in '/home/blueberry/Desktop/Project/SIH/build/lunar_slam': CMAKE_PREFIX_PATH=/opt/ros/humble /usr/bin/cmake /home/blueberry/Desktop/Project/SIH -DAMENT_CMAKE_SYMLINK_INSTALL=1 -DCMAKE_INSTALL_PREFIX=/home/blueberry/Desktop/Project/SIH/install/lunar_slam
[0.200s] -- Found ament_cmake: 1.3.14 (/opt/ros/humble/share/ament_cmake/cmake)
[0.410s] -- Override CMake install command with custom implementation using symlinks instead of copying resources
[0.451s] -- Found rclcpp: 16.0.21 (/opt/ros/humble/share/rclcpp/cmake)
[0.539s] -- Found rosidl_generator_c: 3.1.9 (/opt/ros/humble/share/rosidl_generator_c/cmake)
[0.545s] -- Found rosidl_adapter: 3.1.9 (/opt/ros/humble/share/rosidl_adapter/cmake)
[0.561s] -- Found rosidl_generator_cpp: 3.1.9 (/opt/ros/humble/share/rosidl_generator_cpp/cmake)
[0.587s] -- Using all available rosidl_typesupport_c: rosidl_typesupport_fastrtps_c;rosidl_typesupport_introspection_c
[0.619s] -- Using all available rosidl_typesupport_cpp: rosidl_typesupport_fastrtps_cpp;rosidl_typesupport_introspection_cpp
[0.700s] -- Found rmw_implementation_cmake: 6.1.4 (/opt/ros/humble/share/rmw_implementation_cmake/cmake)
[0.705s] -- Found rmw_fastrtps_cpp: 6.2.10 (/opt/ros/humble/share/rmw_fastrtps_cpp/cmake)
[0.891s] -- Using RMW implementation 'rmw_fastrtps_cpp' as default
[1.019s] -- Found rclcpp_components: 16.0.21 (/opt/ros/humble/share/rclcpp_components/cmake)
[1.073s] -- Found sensor_msgs: 4.9.2 (/opt/ros/humble/share/sensor_msgs/cmake)
[1.132s] -- Found nav_msgs: 4.9.2 (/opt/ros/humble/share/nav_msgs/cmake)
[1.169s] -- Found tf2_ros: 0.25.23 (/opt/ros/humble/share/tf2_ros/cmake)
[1.301s] -- Found tf2_geometry_msgs: 0.25.23 (/opt/ros/humble/share/tf2_geometry_msgs/cmake)
[1.310s] -- Found eigen3_cmake_module: 0.1.1 (/opt/ros/humble/share/eigen3_cmake_module/cmake)
[1.313s] -- Ensuring Eigen3 include directory is part of orocos-kdl CMake target
[1.316s] -- Found tf2_eigen: 0.25.23 (/opt/ros/humble/share/tf2_eigen/cmake)
[1.322s] -- Found cv_bridge: 3.2.1 (/opt/ros/humble/share/cv_bridge/cmake)
[1.343s] -- Found image_transport: 3.1.13 (/opt/ros/humble/share/image_transport/cmake)
[1.370s] -- Found nav2_core: 1.1.20 (/opt/ros/humble/share/nav2_core/cmake)
[1.650s] -- Found pcl_ros: 2.4.5 (/opt/ros/humble/share/pcl_ros/cmake)
[1.714s] -- Eigen found (include: /usr/include/eigen3, version: 3.4.0)
[1.770s] -- FLANN found (include: /usr/include, lib: /usr/lib/x86_64-linux-gnu/libflann_cpp.so)
[2.235s] -- OpenNI found (version: 1.5.4.0, include: /usr/include/ni, lib: /usr/lib/libOpenNI.so;libusb::libusb)
[2.249s] -- OpenNI2 found (version: 2.2.0.33, include: /usr/include/openni2, lib: /usr/lib/x86_64-linux-gnu/libOpenNI2.so;libusb::libusb)
[2.469s] -- Eigen found (include: /usr/include/eigen3, version: 3.4.0)
[2.480s] -- OpenNI found (version: 1.5.4.0, include: /usr/include/ni, lib: /usr/lib/libOpenNI.so;libusb::libusb)
[2.493s] -- OpenNI2 found (version: 2.2.0.33, include: /usr/include/openni2, lib: /usr/lib/x86_64-linux-gnu/libOpenNI2.so;libusb::libusb)
[2.704s] -- Found Qhull version 8.0.2
[2.935s] -- OpenNI found (version: 1.5.4.0, include: /usr/include/ni, lib: /usr/lib/libOpenNI.so;libusb::libusb)
[3.261s] [33mCMake Warning (dev) at /usr/share/cmake-3.22/Modules/FindPackageHandleStandardArgs.cmake:438 (message):
[3.261s]   The package name passed to `find_package_handle_standard_args` (PkgConfig)
[3.261s]   does not match the name of the calling package (gazebo).  This can lead to
[3.261s]   problems in calling code that expects `find_package` result variables
[3.262s]   (e.g., `_FOUND`) to follow a certain pattern.
[3.262s] Call Stack (most recent call first):
[3.262s]   /usr/share/cmake-3.22/Modules/FindPkgConfig.cmake:99 (find_package_handle_standard_args)
[3.262s]   /usr/lib/x86_64-linux-gnu/cmake/gazebo/gazebo-config.cmake:72 (include)
[3.262s]   CMakeLists.txt:27 (find_package)
[3.262s] This warning is for project developers.  Use -Wno-dev to suppress it.
[3.262s] [0m
[3.311s] -- Found DART: /usr/include (Required is at least version "6.6") found components: dart 
[3.412s] -- Found Protobuf: /usr/lib/x86_64-linux-gnu/libprotobuf.so (found version "3.12.4") 
[3.417s] -- Looking for ignition-math6 -- found version 6.16.0
[3.430s] -- Searching for dependencies of ignition-math6
[3.433s] -- Looking for OGRE...
[3.448s] -- Found Ogre Ghadamon (1.9.0)
[3.448s] -- Found OGRE: optimized;/usr/lib/x86_64-linux-gnu/libOgreMain.so;debug;/usr/lib/x86_64-linux-gnu/libOgreMain.so
[3.466s] -- Looking for OGRE_Paging...
[3.467s] -- Found OGRE_Paging: optimized;/usr/lib/x86_64-linux-gnu/libOgrePaging.so;debug;/usr/lib/x86_64-linux-gnu/libOgrePaging.so
[3.467s] -- Looking for OGRE_Terrain...
[3.467s] -- Found OGRE_Terrain: optimized;/usr/lib/x86_64-linux-gnu/libOgreTerrain.so;debug;/usr/lib/x86_64-linux-gnu/libOgreTerrain.so
[3.467s] -- Looking for OGRE_Property...
[3.467s] -- Found OGRE_Property: optimized;/usr/lib/x86_64-linux-gnu/libOgreProperty.so;debug;/usr/lib/x86_64-linux-gnu/libOgreProperty.so
[3.467s] -- Looking for OGRE_RTShaderSystem...
[3.467s] -- Found OGRE_RTShaderSystem: optimized;/usr/lib/x86_64-linux-gnu/libOgreRTShaderSystem.so;debug;/usr/lib/x86_64-linux-gnu/libOgreRTShaderSystem.so
[3.467s] -- Looking for OGRE_Volume...
[3.467s] -- Found OGRE_Volume: optimized;/usr/lib/x86_64-linux-gnu/libOgreVolume.so;debug;/usr/lib/x86_64-linux-gnu/libOgreVolume.so
[3.467s] -- Looking for OGRE_Overlay...
[3.467s] -- Found OGRE_Overlay: optimized;/usr/lib/x86_64-linux-gnu/libOgreOverlay.so;debug;/usr/lib/x86_64-linux-gnu/libOgreOverlay.so
[3.613s] -- Looking for ignition-math6 -- found version 6.16.0
[3.617s] -- Looking for ignition-transport8 -- found version 8.2.1
[3.618s] -- Searching for dependencies of ignition-transport8
[3.648s] -- Found Protobuf: /usr/lib/x86_64-linux-gnu/libprotobuf.so (found suitable version "3.12.4", minimum required is "3") 
[3.666s] -- Config-file not installed for ZeroMQ -- checking for pkg-config
[3.679s] -- Checking for module 'libzmq >= 4'
[3.723s] --   Found libzmq , version 4.3.4
[3.839s] -- Checking for module 'uuid'
[3.870s] --   Found uuid, version 2.37.2
[3.965s] -- Looking for ignition-msgs5 -- found version 5.8.1
[3.966s] -- Searching for dependencies of ignition-msgs5
[3.999s] -- Looking for ignition-math6 -- found version 6.16.0
[4.024s] -- Looking for ignition-msgs5 -- found version 5.8.1
[4.028s] -- Looking for ignition-common3 -- found version 3.14.0
[4.029s] -- Searching for dependencies of ignition-common3
[4.029s] -- Looking for dlfcn.h - found
[4.029s] -- Looking for libdl - found
[4.058s] -- Searching for <ignition-common3> component [graphics]
[4.059s] -- Looking for ignition-common3-graphics -- found version 3.14.0
[4.061s] -- Searching for dependencies of ignition-common3-graphics
[4.062s] -- Looking for ignition-math6 -- found version 6.16.0
[4.068s] -- Looking for ignition-fuel_tools4 -- found version 4.4.0
[4.069s] -- Searching for dependencies of ignition-fuel_tools4
[4.129s] [31mCMake Error at /usr/lib/x86_64-linux-gnu/cmake/jsoncpp/jsoncpp-namespaced-targets.cmake:5 (add_library):
[4.129s]   add_library cannot create imported target "JsonCpp::JsonCpp" because
[4.129s]   another target with the same name already exists.
[4.130s] Call Stack (most recent call first):
[4.130s]   /usr/lib/x86_64-linux-gnu/cmake/jsoncpp/jsoncppConfig.cmake:41 (include)
[4.130s]   /usr/share/cmake/ignition-cmake2/cmake2/FindJSONCPP.cmake:34 (find_package)
[4.130s]   /usr/lib/x86_64-linux-gnu/cmake/ignition-fuel_tools4/ignition-fuel_tools4-config.cmake:94 (find_package)
[4.130s]   /usr/lib/x86_64-linux-gnu/cmake/gazebo/gazebo-config.cmake:251 (find_package)
[4.130s]   CMakeLists.txt:27 (find_package)
[4.130s] 
[4.130s] [0m
[4.141s] -- Checking for module 'libzip'
[4.175s] --   Found libzip, version 1.7.3
[4.258s] -- Looking for ignition-common3 -- found version 3.14.0
[4.259s] -- Looking for ignition-math6 -- found version 6.16.0
[4.259s] -- Looking for ignition-msgs5 -- found version 5.8.1
[4.321s] [31mCMake Error at CMakeLists.txt:55 (target_link_libraries):
[4.321s]   The plain signature for target_link_libraries has already been used with
[4.321s]   the target "lunar_slam_core".  All uses of target_link_libraries with a
[4.321s]   target must be either all-keyword or all-plain.
[4.321s] 
[4.321s]   The uses of the plain signature are here:
[4.321s] 
[4.321s]    * /opt/ros/humble/share/ament_cmake_target_dependencies/cmake/ament_target_dependencies.cmake:145 (target_link_libraries)
[4.321s]    * /opt/ros/humble/share/ament_cmake_target_dependencies/cmake/ament_target_dependencies.cmake:151 (target_link_libraries)
[4.321s] 
[4.321s] 
[4.321s] [0m
[4.370s] [31mCMake Error at CMakeLists.txt:101 (target_link_libraries):
[4.370s]   The plain signature for target_link_libraries has already been used with
[4.370s]   the target "lunar_slam_nodes".  All uses of target_link_libraries with a
[4.370s]   target must be either all-keyword or all-plain.
[4.370s] 
[4.370s]   The uses of the plain signature are here:
[4.370s] 
[4.370s]    * /opt/ros/humble/share/ament_cmake_target_dependencies/cmake/ament_target_dependencies.cmake:145 (target_link_libraries)
[4.370s]    * /opt/ros/humble/share/ament_cmake_target_dependencies/cmake/ament_target_dependencies.cmake:151 (target_link_libraries)
[4.370s] 
[4.370s] 
[4.370s] [0m
[4.524s] -- Configuring incomplete, errors occurred!
[4.524s] See also "/home/blueberry/Desktop/Project/SIH/build/lunar_slam/CMakeFiles/CMakeOutput.log".
[4.578s] Invoked command in '/home/blueberry/Desktop/Project/SIH/build/lunar_slam' returned '1': CMAKE_PREFIX_PATH=/opt/ros/humble /usr/bin/cmake /home/blueberry/Desktop/Project/SIH -DAMENT_CMAKE_SYMLINK_INSTALL=1 -DCMAKE_INSTALL_PREFIX=/home/blueberry/Desktop/Project/SIH/install/lunar_slam
