[0.022s] Invoking command in '/home/blueberry/Desktop/Project/SIH/build/lunar_slam': CMAKE_PREFIX_PATH=/opt/ros/humble /usr/bin/cmake /home/blueberry/Desktop/Project/SIH -DAMENT_CMAKE_SYMLINK_INSTALL=1 -DCMAKE_INSTALL_PREFIX=/home/blueberry/Desktop/Project/SIH/install/lunar_slam
[0.058s] -- Found ament_cmake: 1.3.14 (/opt/ros/humble/share/ament_cmake/cmake)
[0.347s] -- Found Python3: /usr/bin/python3 (found version "3.10.12") found components: Interpreter 
[0.462s] -- Override CMake install command with custom implementation using symlinks instead of copying resources
[0.526s] -- Found rclcpp: 16.0.21 (/opt/ros/humble/share/rclcpp/cmake)
[0.600s] -- Found rosidl_generator_c: 3.1.9 (/opt/ros/humble/share/rosidl_generator_c/cmake)
[0.607s] -- Found rosidl_adapter: 3.1.9 (/opt/ros/humble/share/rosidl_adapter/cmake)
[0.622s] -- Found rosidl_generator_cpp: 3.1.9 (/opt/ros/humble/share/rosidl_generator_cpp/cmake)
[0.649s] -- Using all available rosidl_typesupport_c: rosidl_typesupport_fastrtps_c;rosidl_typesupport_introspection_c
[0.682s] -- Using all available rosidl_typesupport_cpp: rosidl_typesupport_fastrtps_cpp;rosidl_typesupport_introspection_cpp
[0.749s] -- Found rmw_implementation_cmake: 6.1.4 (/opt/ros/humble/share/rmw_implementation_cmake/cmake)
[0.753s] -- Found rmw_fastrtps_cpp: 6.2.10 (/opt/ros/humble/share/rmw_fastrtps_cpp/cmake)
[0.950s] -- Found OpenSSL: /usr/lib/x86_64-linux-gnu/libcrypto.so (found version "3.0.2")  
[0.999s] -- Found FastRTPS: /opt/ros/humble/include  
[1.067s] -- Using RMW implementation 'rmw_fastrtps_cpp' as default
[1.081s] -- Looking for C++ include pthread.h
[1.319s] -- Looking for C++ include pthread.h - found
[1.320s] -- Performing Test CMAKE_HAVE_LIBC_PTHREAD
[1.485s] -- Performing Test CMAKE_HAVE_LIBC_PTHREAD - Success
[1.488s] -- Found Threads: TRUE  
[1.572s] -- Found rclcpp_components: 16.0.21 (/opt/ros/humble/share/rclcpp_components/cmake)
[1.614s] -- Found sensor_msgs: 4.9.2 (/opt/ros/humble/share/sensor_msgs/cmake)
[1.665s] -- Found nav_msgs: 4.9.2 (/opt/ros/humble/share/nav_msgs/cmake)
[1.698s] -- Found tf2_ros: 0.25.23 (/opt/ros/humble/share/tf2_ros/cmake)
[1.813s] -- Found tf2_geometry_msgs: 0.25.23 (/opt/ros/humble/share/tf2_geometry_msgs/cmake)
[1.825s] -- Found eigen3_cmake_module: 0.1.1 (/opt/ros/humble/share/eigen3_cmake_module/cmake)
[1.828s] -- Found Eigen3: TRUE (found version "3.4.0") 
[1.828s] -- Ensuring Eigen3 include directory is part of orocos-kdl CMake target
[1.833s] -- Found tf2_eigen: 0.25.23 (/opt/ros/humble/share/tf2_eigen/cmake)
[1.842s] -- Found cv_bridge: 3.2.1 (/opt/ros/humble/share/cv_bridge/cmake)
[1.864s] -- Found image_transport: 3.1.13 (/opt/ros/humble/share/image_transport/cmake)
[1.897s] -- Found nav2_core: 1.1.20 (/opt/ros/humble/share/nav2_core/cmake)
[2.173s] -- Found pcl_ros: 2.4.5 (/opt/ros/humble/share/pcl_ros/cmake)
[2.240s] -- Checking for module 'eigen3'
[2.277s] --   Found eigen3, version 3.4.0
[2.369s] -- Found Eigen: /usr/include/eigen3 (Required is at least version "3.1") 
[2.369s] -- Eigen found (include: /usr/include/eigen3, version: 3.4.0)
[2.434s] -- Checking for module 'flann'
[2.472s] --   Found flann, version 1.9.1
[2.586s] -- Found FLANN: /usr/lib/x86_64-linux-gnu/libflann_cpp.so  
[2.587s] -- FLANN found (include: /usr/include, lib: /usr/lib/x86_64-linux-gnu/libflann_cpp.so)
[4.436s] -- Checking for module 'libusb-1.0'
[4.479s] --   Found libusb-1.0, version 1.0.25
[4.580s] -- Found libusb: /usr/lib/x86_64-linux-gnu/libusb-1.0.so  
[4.581s] -- OpenNI found (version: 1.5.4.0, include: /usr/include/ni, lib: /usr/lib/libOpenNI.so;libusb::libusb)
[4.729s] -- OpenNI2 found (version: 2.2.0.33, include: /usr/include/openni2, lib: /usr/lib/x86_64-linux-gnu/libOpenNI2.so;libusb::libusb)
[4.988s] -- Eigen found (include: /usr/include/eigen3, version: 3.4.0)
[4.998s] -- OpenNI found (version: 1.5.4.0, include: /usr/include/ni, lib: /usr/lib/libOpenNI.so;libusb::libusb)
[5.015s] -- OpenNI2 found (version: 2.2.0.33, include: /usr/include/openni2, lib: /usr/lib/x86_64-linux-gnu/libOpenNI2.so;libusb::libusb)
[5.235s] -- Found Qhull version 8.0.2
[5.476s] -- OpenNI found (version: 1.5.4.0, include: /usr/include/ni, lib: /usr/lib/libOpenNI.so;libusb::libusb)
[5.696s] -- Found PCL_COMMON: /usr/lib/x86_64-linux-gnu/libpcl_common.so  
[5.698s] -- Found PCL_KDTREE: /usr/lib/x86_64-linux-gnu/libpcl_kdtree.so  
[5.700s] -- Found PCL_OCTREE: /usr/lib/x86_64-linux-gnu/libpcl_octree.so  
[5.702s] -- Found PCL_SEARCH: /usr/lib/x86_64-linux-gnu/libpcl_search.so  
[5.704s] -- Found PCL_SAMPLE_CONSENSUS: /usr/lib/x86_64-linux-gnu/libpcl_sample_consensus.so  
[5.705s] -- Found PCL_FILTERS: /usr/lib/x86_64-linux-gnu/libpcl_filters.so  
[5.706s] -- Found PCL_2D: /usr/include/pcl-1.12  
[5.707s] -- Found PCL_GEOMETRY: /usr/include/pcl-1.12  
[5.709s] -- Found PCL_IO: /usr/lib/x86_64-linux-gnu/libpcl_io.so  
[5.710s] -- Found PCL_FEATURES: /usr/lib/x86_64-linux-gnu/libpcl_features.so  
[5.712s] -- Found PCL_ML: /usr/lib/x86_64-linux-gnu/libpcl_ml.so  
[5.713s] -- Found PCL_SEGMENTATION: /usr/lib/x86_64-linux-gnu/libpcl_segmentation.so  
[5.715s] -- Found PCL_VISUALIZATION: /usr/lib/x86_64-linux-gnu/libpcl_visualization.so  
[5.717s] -- Found PCL_SURFACE: /usr/lib/x86_64-linux-gnu/libpcl_surface.so  
[5.718s] -- Found PCL_REGISTRATION: /usr/lib/x86_64-linux-gnu/libpcl_registration.so  
[5.720s] -- Found PCL_KEYPOINTS: /usr/lib/x86_64-linux-gnu/libpcl_keypoints.so  
[5.721s] -- Found PCL_TRACKING: /usr/lib/x86_64-linux-gnu/libpcl_tracking.so  
[5.726s] -- Found PCL_RECOGNITION: /usr/lib/x86_64-linux-gnu/libpcl_recognition.so  
[5.726s] -- Found PCL_STEREO: /usr/lib/x86_64-linux-gnu/libpcl_stereo.so  
[5.727s] -- Found PCL_APPS: /usr/lib/x86_64-linux-gnu/libpcl_apps.so  
[5.729s] -- Found PCL_IN_HAND_SCANNER: /usr/include/pcl-1.12  
[5.730s] -- Found PCL_MODELER: /usr/include/pcl-1.12  
[5.731s] -- Found PCL_POINT_CLOUD_EDITOR: /usr/include/pcl-1.12  
[5.733s] -- Found PCL_OUTOFCORE: /usr/lib/x86_64-linux-gnu/libpcl_outofcore.so  
[5.735s] -- Found PCL_PEOPLE: /usr/lib/x86_64-linux-gnu/libpcl_people.so  
[5.773s] -- Found OpenCV: /usr (found version "4.5.4") 
[5.774s] -- Found nlohmann_json: /usr/lib/cmake/nlohmann_json/nlohmann_jsonConfig.cmake (found version "3.10.5") 
[5.788s] [33mCMake Warning (dev) at /usr/share/cmake-3.22/Modules/FindPackageHandleStandardArgs.cmake:438 (message):
[5.788s]   The package name passed to `find_package_handle_standard_args` (PkgConfig)
[5.788s]   does not match the name of the calling package (gazebo).  This can lead to
[5.788s]   problems in calling code that expects `find_package` result variables
[5.788s]   (e.g., `_FOUND`) to follow a certain pattern.
[5.788s] Call Stack (most recent call first):
[5.789s]   /usr/share/cmake-3.22/Modules/FindPkgConfig.cmake:99 (find_package_handle_standard_args)
[5.789s]   /usr/lib/x86_64-linux-gnu/cmake/gazebo/gazebo-config.cmake:72 (include)
[5.789s]   CMakeLists.txt:27 (find_package)
[5.789s] This warning is for project developers.  Use -Wno-dev to suppress it.
[5.789s] [0m
[5.789s] -- Found PkgConfig: /usr/bin/pkg-config (found version "0.29.2") 
[5.792s] -- Checking for module 'bullet>=2.82'
[5.831s] --   Found bullet, version 3.05
[6.097s] -- Found fcl: /usr/include (found suitable version "0.7.0", minimum required is "0.5.0") 
[6.242s] -- Found assimp: /usr/include (found version "5.2.0") 
[6.260s] -- Found DART: /usr/include (Required is at least version "6.6") found components: dart 
[6.301s] -- Found Boost: /usr/lib/x86_64-linux-gnu/cmake/Boost-1.74.0/BoostConfig.cmake (found suitable version "1.74.0", minimum required is "1.40.0") found components: thread system filesystem program_options regex iostreams date_time 
[6.337s] -- Found Protobuf: /usr/lib/x86_64-linux-gnu/libprotobuf.so (found version "3.12.4") 
[6.347s] -- Looking for ignition-math6 -- found version 6.16.0
[6.357s] -- Searching for dependencies of ignition-math6
[6.361s] -- Looking for OGRE...
[6.361s] -- OGRE_PREFIX_WATCH changed.
[6.373s] -- Checking for module 'OGRE'
[6.408s] --   Found OGRE, version 1.9.0
[6.512s] -- Found Ogre Ghadamon (1.9.0)
[6.526s] -- Found OGRE: optimized;/usr/lib/x86_64-linux-gnu/libOgreMain.so;debug;/usr/lib/x86_64-linux-gnu/libOgreMain.so
[6.542s] -- Looking for OGRE_Paging...
[6.550s] -- Found OGRE_Paging: optimized;/usr/lib/x86_64-linux-gnu/libOgrePaging.so;debug;/usr/lib/x86_64-linux-gnu/libOgrePaging.so
[6.550s] -- Looking for OGRE_Terrain...
[6.558s] -- Found OGRE_Terrain: optimized;/usr/lib/x86_64-linux-gnu/libOgreTerrain.so;debug;/usr/lib/x86_64-linux-gnu/libOgreTerrain.so
[6.558s] -- Looking for OGRE_Property...
[6.564s] -- Found OGRE_Property: optimized;/usr/lib/x86_64-linux-gnu/libOgreProperty.so;debug;/usr/lib/x86_64-linux-gnu/libOgreProperty.so
[6.565s] -- Looking for OGRE_RTShaderSystem...
[6.571s] -- Found OGRE_RTShaderSystem: optimized;/usr/lib/x86_64-linux-gnu/libOgreRTShaderSystem.so;debug;/usr/lib/x86_64-linux-gnu/libOgreRTShaderSystem.so
[6.571s] -- Looking for OGRE_Volume...
[6.577s] -- Found OGRE_Volume: optimized;/usr/lib/x86_64-linux-gnu/libOgreVolume.so;debug;/usr/lib/x86_64-linux-gnu/libOgreVolume.so
[6.577s] -- Looking for OGRE_Overlay...
[6.584s] -- Found OGRE_Overlay: optimized;/usr/lib/x86_64-linux-gnu/libOgreOverlay.so;debug;/usr/lib/x86_64-linux-gnu/libOgreOverlay.so
[6.723s] -- Looking for ignition-math6 -- found version 6.16.0
[6.725s] -- Looking for ignition-transport8 -- found version 8.2.1
[6.726s] -- Searching for dependencies of ignition-transport8
[6.754s] -- Found Protobuf: /usr/lib/x86_64-linux-gnu/libprotobuf.so (found suitable version "3.12.4", minimum required is "3") 
[6.771s] -- Config-file not installed for ZeroMQ -- checking for pkg-config
[6.782s] -- Checking for module 'libzmq >= 4'
[6.818s] --   Found libzmq , version 4.3.4
[6.922s] -- Found ZeroMQ: TRUE (Required is at least version "4") 
[6.935s] -- Checking for module 'uuid'
[6.974s] --   Found uuid, version 2.37.2
[7.066s] -- Found UUID: TRUE  
[7.071s] -- Looking for ignition-msgs5 -- found version 5.8.1
[7.072s] -- Searching for dependencies of ignition-msgs5
[7.108s] -- Looking for ignition-math6 -- found version 6.16.0
[7.119s] -- Checking for module 'tinyxml2'
[7.156s] --   Found tinyxml2, version 9.0.0
[7.264s] -- Looking for ignition-msgs5 -- found version 5.8.1
[7.264s] -- Looking for ignition-common3 -- found version 3.14.0
[7.264s] -- Searching for dependencies of ignition-common3
[7.264s] -- Looking for dlfcn.h - found
[7.264s] -- Looking for libdl - found
[7.264s] -- Found DL: TRUE  
[7.285s] -- Found tinyobjloader: /usr/lib/x86_64-linux-gnu/cmake/tinyobjloader/tinyobjloader-config.cmake (found version "2.0.0") 
[7.285s] -- Searching for <ignition-common3> component [graphics]
[7.285s] -- Looking for ignition-common3-graphics -- found version 3.14.0
[7.286s] -- Searching for dependencies of ignition-common3-graphics
[7.287s] -- Looking for ignition-math6 -- found version 6.16.0
[7.292s] -- Looking for ignition-fuel_tools4 -- found version 4.4.0
[7.293s] -- Searching for dependencies of ignition-fuel_tools4
[7.478s] -- Found CURL: /usr/lib/x86_64-linux-gnu/libcurl.so (found version "7.81.0")  
[7.484s] [31mCMake Error at /usr/lib/x86_64-linux-gnu/cmake/jsoncpp/jsoncpp-namespaced-targets.cmake:5 (add_library):
[7.484s]   add_library cannot create imported target "JsonCpp::JsonCpp" because
[7.484s]   another target with the same name already exists.
[7.484s] Call Stack (most recent call first):
[7.484s]   /usr/lib/x86_64-linux-gnu/cmake/jsoncpp/jsoncppConfig.cmake:41 (include)
[7.484s]   /usr/share/cmake/ignition-cmake2/cmake2/FindJSONCPP.cmake:34 (find_package)
[7.484s]   /usr/lib/x86_64-linux-gnu/cmake/ignition-fuel_tools4/ignition-fuel_tools4-config.cmake:94 (find_package)
[7.484s]   /usr/lib/x86_64-linux-gnu/cmake/gazebo/gazebo-config.cmake:251 (find_package)
[7.484s]   CMakeLists.txt:27 (find_package)
[7.484s] 
[7.485s] [0m
[7.499s] -- Checking for module 'libzip'
[7.537s] --   Found libzip, version 1.7.3
[7.738s] -- Found ZIP: TRUE  
[7.740s] -- Looking for ignition-common3 -- found version 3.14.0
[7.740s] -- Looking for ignition-math6 -- found version 6.16.0
[7.740s] -- Looking for ignition-msgs5 -- found version 5.8.1
[7.740s] [31mCMake Error at CMakeLists.txt:55 (target_link_libraries):
[7.740s]   The plain signature for target_link_libraries has already been used with
[7.740s]   the target "lunar_slam_core".  All uses of target_link_libraries with a
[7.740s]   target must be either all-keyword or all-plain.
[7.740s] 
[7.740s]   The uses of the plain signature are here:
[7.740s] 
[7.740s]    * /opt/ros/humble/share/ament_cmake_target_dependencies/cmake/ament_target_dependencies.cmake:145 (target_link_libraries)
[7.740s]    * /opt/ros/humble/share/ament_cmake_target_dependencies/cmake/ament_target_dependencies.cmake:151 (target_link_libraries)
[7.740s] 
[7.740s] 
[7.741s] [0m
[7.741s] [31mCMake Error at CMakeLists.txt:101 (target_link_libraries):
[7.741s]   The plain signature for target_link_libraries has already been used with
[7.741s]   the target "lunar_slam_nodes".  All uses of target_link_libraries with a
[7.741s]   target must be either all-keyword or all-plain.
[7.741s] 
[7.741s]   The uses of the plain signature are here:
[7.741s] 
[7.741s]    * /opt/ros/humble/share/ament_cmake_target_dependencies/cmake/ament_target_dependencies.cmake:145 (target_link_libraries)
[7.741s]    * /opt/ros/humble/share/ament_cmake_target_dependencies/cmake/ament_target_dependencies.cmake:151 (target_link_libraries)
[7.741s] 
[7.741s] 
[7.742s] [0m
[7.825s] -- Configuring incomplete, errors occurred!
[7.825s] See also "/home/blueberry/Desktop/Project/SIH/build/lunar_slam/CMakeFiles/CMakeOutput.log".
[7.858s] Invoked command in '/home/blueberry/Desktop/Project/SIH/build/lunar_slam' returned '1': CMAKE_PREFIX_PATH=/opt/ros/humble /usr/bin/cmake /home/blueberry/Desktop/Project/SIH -DAMENT_CMAKE_SYMLINK_INSTALL=1 -DCMAKE_INSTALL_PREFIX=/home/blueberry/Desktop/Project/SIH/install/lunar_slam
