[0.022s] Invoking command in '/home/blueberry/Desktop/Project/SIH/build/lunar_slam': CMAKE_PREFIX_PATH=/opt/ros/humble /usr/bin/cmake /home/blueberry/Desktop/Project/SIH -DAMENT_CMAKE_SYMLINK_INSTALL=1 -DCMAKE_INSTALL_PREFIX=/home/blueberry/Desktop/Project/SIH/install/lunar_slam
[0.049s] -- Found ament_cmake: 1.3.14 (/opt/ros/humble/share/ament_cmake/cmake)
[0.212s] -- Override CMake install command with custom implementation using symlinks instead of copying resources
[0.225s] -- Found rclcpp: 16.0.21 (/opt/ros/humble/share/rclcpp/cmake)
[0.262s] -- Found rosidl_generator_c: 3.1.9 (/opt/ros/humble/share/rosidl_generator_c/cmake)
[0.266s] -- Found rosidl_adapter: 3.1.9 (/opt/ros/humble/share/rosidl_adapter/cmake)
[0.273s] -- Found rosidl_generator_cpp: 3.1.9 (/opt/ros/humble/share/rosidl_generator_cpp/cmake)
[0.288s] -- Using all available rosidl_typesupport_c: rosidl_typesupport_fastrtps_c;rosidl_typesupport_introspection_c
[0.307s] -- Using all available rosidl_typesupport_cpp: rosidl_typesupport_fastrtps_cpp;rosidl_typesupport_introspection_cpp
[0.350s] -- Found rmw_implementation_cmake: 6.1.4 (/opt/ros/humble/share/rmw_implementation_cmake/cmake)
[0.352s] -- Found rmw_fastrtps_cpp: 6.2.10 (/opt/ros/humble/share/rmw_fastrtps_cpp/cmake)
[0.507s] -- Using RMW implementation 'rmw_fastrtps_cpp' as default
[0.577s] -- Found rclcpp_components: 16.0.21 (/opt/ros/humble/share/rclcpp_components/cmake)
[0.601s] -- Found sensor_msgs: 4.9.2 (/opt/ros/humble/share/sensor_msgs/cmake)
[0.641s] -- Found nav_msgs: 4.9.2 (/opt/ros/humble/share/nav_msgs/cmake)
[0.666s] -- Found tf2_ros: 0.25.23 (/opt/ros/humble/share/tf2_ros/cmake)
[0.755s] -- Found tf2_geometry_msgs: 0.25.23 (/opt/ros/humble/share/tf2_geometry_msgs/cmake)
[0.760s] -- Found eigen3_cmake_module: 0.1.1 (/opt/ros/humble/share/eigen3_cmake_module/cmake)
[0.762s] -- Ensuring Eigen3 include directory is part of orocos-kdl CMake target
[0.764s] -- Found tf2_eigen: 0.25.23 (/opt/ros/humble/share/tf2_eigen/cmake)
[0.767s] -- Found cv_bridge: 3.2.1 (/opt/ros/humble/share/cv_bridge/cmake)
[0.780s] -- Found image_transport: 3.1.13 (/opt/ros/humble/share/image_transport/cmake)
[0.800s] -- Found nav2_core: 1.1.20 (/opt/ros/humble/share/nav2_core/cmake)
[1.032s] -- Found pcl_ros: 2.4.5 (/opt/ros/humble/share/pcl_ros/cmake)
[1.085s] -- Eigen found (include: /usr/include/eigen3, version: 3.4.0)
[1.133s] -- FLANN found (include: /usr/include, lib: /usr/lib/x86_64-linux-gnu/libflann_cpp.so)
[1.420s] -- OpenNI found (version: 1.5.4.0, include: /usr/include/ni, lib: /usr/lib/libOpenNI.so;libusb::libusb)
[1.431s] -- OpenNI2 found (version: 2.2.0.33, include: /usr/include/openni2, lib: /usr/lib/x86_64-linux-gnu/libOpenNI2.so;libusb::libusb)
[1.649s] -- Eigen found (include: /usr/include/eigen3, version: 3.4.0)
[1.664s] -- OpenNI found (version: 1.5.4.0, include: /usr/include/ni, lib: /usr/lib/libOpenNI.so;libusb::libusb)
[1.677s] -- OpenNI2 found (version: 2.2.0.33, include: /usr/include/openni2, lib: /usr/lib/x86_64-linux-gnu/libOpenNI2.so;libusb::libusb)
[1.895s] -- Found Qhull version 8.0.2
[2.111s] -- OpenNI found (version: 1.5.4.0, include: /usr/include/ni, lib: /usr/lib/libOpenNI.so;libusb::libusb)
[2.368s] [33mCMake Warning (dev) at /usr/share/cmake-3.22/Modules/FindPackageHandleStandardArgs.cmake:438 (message):
[2.368s]   The package name passed to `find_package_handle_standard_args` (PkgConfig)
[2.368s]   does not match the name of the calling package (gazebo).  This can lead to
[2.368s]   problems in calling code that expects `find_package` result variables
[2.368s]   (e.g., `_FOUND`) to follow a certain pattern.
[2.368s] Call Stack (most recent call first):
[2.368s]   /usr/share/cmake-3.22/Modules/FindPkgConfig.cmake:99 (find_package_handle_standard_args)
[2.368s]   /usr/lib/x86_64-linux-gnu/cmake/gazebo/gazebo-config.cmake:72 (include)
[2.368s]   CMakeLists.txt:27 (find_package)
[2.368s] This warning is for project developers.  Use -Wno-dev to suppress it.
[2.369s] [0m
[2.406s] -- Found DART: /usr/include (Required is at least version "6.6") found components: dart 
[2.446s] -- Found Protobuf: /usr/lib/x86_64-linux-gnu/libprotobuf.so (found version "3.12.4") 
[2.449s] -- Looking for ignition-math6 -- found version 6.16.0
[2.461s] -- Searching for dependencies of ignition-math6
[2.465s] -- Looking for OGRE...
[2.478s] -- Found Ogre Ghadamon (1.9.0)
[2.479s] -- Found OGRE: optimized;/usr/lib/x86_64-linux-gnu/libOgreMain.so;debug;/usr/lib/x86_64-linux-gnu/libOgreMain.so
[2.497s] -- Looking for OGRE_Paging...
[2.497s] -- Found OGRE_Paging: optimized;/usr/lib/x86_64-linux-gnu/libOgrePaging.so;debug;/usr/lib/x86_64-linux-gnu/libOgrePaging.so
[2.497s] -- Looking for OGRE_Terrain...
[2.497s] -- Found OGRE_Terrain: optimized;/usr/lib/x86_64-linux-gnu/libOgreTerrain.so;debug;/usr/lib/x86_64-linux-gnu/libOgreTerrain.so
[2.498s] -- Looking for OGRE_Property...
[2.499s] -- Found OGRE_Property: optimized;/usr/lib/x86_64-linux-gnu/libOgreProperty.so;debug;/usr/lib/x86_64-linux-gnu/libOgreProperty.so
[2.499s] -- Looking for OGRE_RTShaderSystem...
[2.499s] -- Found OGRE_RTShaderSystem: optimized;/usr/lib/x86_64-linux-gnu/libOgreRTShaderSystem.so;debug;/usr/lib/x86_64-linux-gnu/libOgreRTShaderSystem.so
[2.501s] -- Looking for OGRE_Volume...
[2.502s] -- Found OGRE_Volume: optimized;/usr/lib/x86_64-linux-gnu/libOgreVolume.so;debug;/usr/lib/x86_64-linux-gnu/libOgreVolume.so
[2.502s] -- Looking for OGRE_Overlay...
[2.502s] -- Found OGRE_Overlay: optimized;/usr/lib/x86_64-linux-gnu/libOgreOverlay.so;debug;/usr/lib/x86_64-linux-gnu/libOgreOverlay.so
[2.627s] -- Looking for ignition-math6 -- found version 6.16.0
[2.628s] -- Looking for ignition-transport8 -- found version 8.2.1
[2.629s] -- Searching for dependencies of ignition-transport8
[2.657s] -- Found Protobuf: /usr/lib/x86_64-linux-gnu/libprotobuf.so (found suitable version "3.12.4", minimum required is "3") 
[2.674s] -- Config-file not installed for ZeroMQ -- checking for pkg-config
[2.686s] -- Checking for module 'libzmq >= 4'
[2.723s] --   Found libzmq , version 4.3.4
[2.824s] -- Checking for module 'uuid'
[2.855s] --   Found uuid, version 2.37.2
[2.939s] -- Looking for ignition-msgs5 -- found version 5.8.1
[2.941s] -- Searching for dependencies of ignition-msgs5
[2.969s] -- Looking for ignition-math6 -- found version 6.16.0
[2.982s] -- Looking for ignition-msgs5 -- found version 5.8.1
[2.983s] -- Looking for ignition-common3 -- found version 3.14.0
[2.984s] -- Searching for dependencies of ignition-common3
[2.984s] -- Looking for dlfcn.h - found
[2.984s] -- Looking for libdl - found
[3.000s] -- Searching for <ignition-common3> component [graphics]
[3.001s] -- Looking for ignition-common3-graphics -- found version 3.14.0
[3.002s] -- Searching for dependencies of ignition-common3-graphics
[3.002s] -- Looking for ignition-math6 -- found version 6.16.0
[3.004s] -- Looking for ignition-fuel_tools4 -- found version 4.4.0
[3.004s] -- Searching for dependencies of ignition-fuel_tools4
[3.065s] [31mCMake Error at /usr/lib/x86_64-linux-gnu/cmake/jsoncpp/jsoncpp-namespaced-targets.cmake:5 (add_library):
[3.065s]   add_library cannot create imported target "JsonCpp::JsonCpp" because
[3.065s]   another target with the same name already exists.
[3.065s] Call Stack (most recent call first):
[3.065s]   /usr/lib/x86_64-linux-gnu/cmake/jsoncpp/jsoncppConfig.cmake:41 (include)
[3.065s]   /usr/share/cmake/ignition-cmake2/cmake2/FindJSONCPP.cmake:34 (find_package)
[3.065s]   /usr/lib/x86_64-linux-gnu/cmake/ignition-fuel_tools4/ignition-fuel_tools4-config.cmake:94 (find_package)
[3.065s]   /usr/lib/x86_64-linux-gnu/cmake/gazebo/gazebo-config.cmake:251 (find_package)
[3.065s]   CMakeLists.txt:27 (find_package)
[3.065s] 
[3.066s] [0m
[3.076s] -- Checking for module 'libzip'
[3.110s] --   Found libzip, version 1.7.3
[3.199s] -- Looking for ignition-common3 -- found version 3.14.0
[3.200s] -- Looking for ignition-math6 -- found version 6.16.0
[3.200s] -- Looking for ignition-msgs5 -- found version 5.8.1
[3.249s] [31mCMake Error at CMakeLists.txt:55 (target_link_libraries):
[3.250s]   The plain signature for target_link_libraries has already been used with
[3.250s]   the target "lunar_slam_core".  All uses of target_link_libraries with a
[3.250s]   target must be either all-keyword or all-plain.
[3.250s] 
[3.250s]   The uses of the plain signature are here:
[3.250s] 
[3.250s]    * /opt/ros/humble/share/ament_cmake_target_dependencies/cmake/ament_target_dependencies.cmake:145 (target_link_libraries)
[3.250s]    * /opt/ros/humble/share/ament_cmake_target_dependencies/cmake/ament_target_dependencies.cmake:151 (target_link_libraries)
[3.250s] 
[3.250s] 
[3.250s] [0m
[3.290s] [31mCMake Error at CMakeLists.txt:101 (target_link_libraries):
[3.290s]   The plain signature for target_link_libraries has already been used with
[3.290s]   the target "lunar_slam_nodes".  All uses of target_link_libraries with a
[3.290s]   target must be either all-keyword or all-plain.
[3.290s] 
[3.290s]   The uses of the plain signature are here:
[3.290s] 
[3.291s]    * /opt/ros/humble/share/ament_cmake_target_dependencies/cmake/ament_target_dependencies.cmake:145 (target_link_libraries)
[3.291s]    * /opt/ros/humble/share/ament_cmake_target_dependencies/cmake/ament_target_dependencies.cmake:151 (target_link_libraries)
[3.291s] 
[3.291s] 
[3.291s] [0m
[3.399s] -- Configuring incomplete, errors occurred!
[3.399s] See also "/home/blueberry/Desktop/Project/SIH/build/lunar_slam/CMakeFiles/CMakeOutput.log".
[3.432s] Invoked command in '/home/blueberry/Desktop/Project/SIH/build/lunar_slam' returned '1': CMAKE_PREFIX_PATH=/opt/ros/humble /usr/bin/cmake /home/blueberry/Desktop/Project/SIH -DAMENT_CMAKE_SYMLINK_INSTALL=1 -DCMAKE_INSTALL_PREFIX=/home/blueberry/Desktop/Project/SIH/install/lunar_slam
